// Jest Snapshot v1, https://goo.gl/fbAQLP

exports[`Pruebas en <CounterApp /> Debe de hacer match con el snapshot 1`] = `
<div>
  <h1>
    CounterApp
  </h1>
  <h2>
     
    10
     
  </h2>
  <button
    aria-label="btn-add"
  >
     +1 
  </button>
  <button
    aria-label="btn-substract"
  >
     -1 
  </button>
  <button
    aria-label="btn-reset"
  >
     Reset 
  </button>
</div>
`;
